馃殌 Starting Native Verification for Ref 5...
CRITICAL_DEBUG_TEST_RAW_BODY_START
{"data":{"global":{"page":{"language":"zh-CN","brandCode":"HI","primaryCategory":"Home","pageType":"Home","siteName":"HiltonChina","version":"index","attributes":{}},"property":{"propertyCode":"","attributes":{}}},"click":{"clickID":""},"event":[],"component":[],"user":[],"product":[],"performance":{"dns":null,"tcp":1874.5,"request":842.7000000476837,"response":1971.2999999523163,"dom":82.60000002384186,"load":0.5999999046325684,"total":22382,"timestamp":"2026-03-10T05:42:31.947Z"},"tmp":{"eventList":""},"videoTracking":{"milestones":[],"plays":[],"pauses":[],"completes":[]}}}
CRITICAL_DEBUG_TEST_RAW_BODY_END

--- Extraction Result ---
{
  "global": {
    "page": {
      "language": "zh-CN",
      "brandCode": "HI",
      "primaryCategory": "Home",
      "pageType": "Home",
      "siteName": "HiltonChina",
      "version": "index",
      "attributes": {}
    },
    "property": {
      "propertyCode": "",
      "attributes": {}
    }
  },
  "click": {
    "clickID": ""
  },
  "event": [],
  "component": [],
  "user": [],
  "product": [],
  "performance": {
    "dns": null,
    "tcp": 1874.5,
    "request": 842.7000000476837,
    "response": 1971.2999999523163,
    "dom": 82.60000002384186,
    "load": 0.5999999046325684,
    "total": 22382,
    "timestamp": "2026-03-10T05:42:31.947Z"
  },
  "tmp": {
    "eventList": ""
  },
  "videoTracking": {
    "milestones": [],
    "plays": [],
    "pauses": [],
    "completes": []
  }
}

鉂?VERIFICATION FAILED: clickID mismatch or not found.
Got ClickID: 
